// Jest Snapshot v1, https://goo.gl/fbAQLP

exports[`MonthlyBudgetScreen renders correctly 1`] = `
<View
  style={
    Object {
      "backgroundColor": "#FFFFFF",
      "flex": 1,
      "paddingHorizontal": 16,
    }
  }
>
  <RCTScrollView>
    <View>
      <View
        style={
          Object {
            "flexDirection": "row",
            "flexWrap": "wrap",
            "paddingTop": 26,
          }
        }
      >
        <Text.Primary
          bold={true}
        >
          Slide to set your budget
        </Text.Primary>
      </View>
      <RNCSlider
        disabled={false}
        enabled={true}
        inverted={false}
        maximumTrackTintColor="#CED4DA"
        maximumValue={1000}
        minimumTrackTintColor="#4BB377"
        minimumValue={10}
        onChange={null}
        onRNCSliderAccessibilityAction={null}
        onRNCSliderSlidingComplete={[Function]}
        onRNCSliderSlidingStart={null}
        onRNCSliderValueChange={null}
        onResponderTerminationRequest={[Function]}
        onStartShouldSetResponder={[Function]}
        step={0}
        style={
          Array [
            Object {
              "height": 40,
            },
            Object {
              "marginTop": 14,
            },
          ]
        }
        tapToSeek={false}
        thumbImage={null}
        thumbTintColor="#4BB377"
        value={0}
      />
      <Text.Primary
        lightGray={true}
      >
        NaN € fiat
      </Text.Primary>
      <View
        style={
          Object {
            "flex": 1,
            "marginVertical": 20,
          }
        }
      >
        <View
          style={
            Object {
              "flex": 1,
              "marginBottom": 16,
            }
          }
        >
          <Text.Primary
            bold={true}
          >
            Average monthly investments per capita in a sample of countries 
            <Ionicons
              color="#3957D0"
              name="md-information-circle"
              onPress={[Function]}
              size={26}
            />
          </Text.Primary>
        </View>
        <Text.Secondary
          center={true}
          style={
            Object {
              "marginBottom": 6,
            }
          }
        >
          Luxembourg : 3.5 k€
        </Text.Secondary>
        <Text.Secondary
          center={true}
          style={
            Object {
              "marginBottom": 6,
            }
          }
        >
          United States : 1.5 k€
        </Text.Secondary>
        <Text.Secondary
          center={true}
          style={
            Object {
              "marginBottom": 6,
            }
          }
        >
          Japan : 900 €
        </Text.Secondary>
        <Text.Secondary
          center={true}
          style={
            Object {
              "marginBottom": 6,
            }
          }
        >
          Sweden : 595 €
        </Text.Secondary>
        <Text.Secondary
          center={true}
          style={
            Object {
              "marginBottom": 6,
            }
          }
        >
          France : 575 €
        </Text.Secondary>
        <Text.Secondary
          center={true}
          style={
            Object {
              "marginBottom": 6,
            }
          }
        >
          China : 522 €
        </Text.Secondary>
        <Text.Secondary
          center={true}
          style={
            Object {
              "marginBottom": 6,
            }
          }
        >
          Brazil : 208 €
        </Text.Secondary>
        <Text.Secondary
          center={true}
          style={
            Object {
              "marginBottom": 6,
            }
          }
        >
          India : 139 €
        </Text.Secondary>
        <Text.Secondary
          center={true}
          style={
            Object {
              "marginBottom": 6,
            }
          }
        >
          Ethiopia : 8.3 €
        </Text.Secondary>
        <View
          style={
            Object {
              "marginBottom": 80,
              "marginTop": 16,
            }
          }
        >
          <Text.Secondary
            center={true}
          >
            If you wish to hedge against inflation (keep the loss in your average wealth below 2 % yearly), set your monthly budget to at least 167 € fiat
            <Ionicons
              color="#3957D0"
              name="md-information-circle"
              onPress={[Function]}
              size={26}
            />
          </Text.Secondary>
        </View>
      </View>
    </View>
  </RCTScrollView>
  <View
    style={
      Object {
        "bottom": 20,
        "left": 16,
        "position": "absolute",
        "right": 16,
      }
    }
  >
    <Button.Secondary
      fullWidth={true}
      icon="save"
      onPress={[Function]}
      text="Save"
    />
  </View>
</View>
`;
